|786|786 Investments Limited|0813|INV. BANKS / INV. COS. / SECURITIES COS.|19964501||
|786R|786 Investment (Right)|0813|INV. BANKS / INV. COS. / SECURITIES COS.|4990751||
|AABS|Al-Abbas Sugar Mills Limited|0826|SUGAR & ALLIED INDUSTRIES|17362300||
|AAL|Agro Allianz Limited|0830|TEXTILE SPINNING|1183200||
|AASM|Al-Abid Silk Mills Limited|0827|SYNTHETIC & RAYON|13409550||
|AATM|Ali Asghar Textile Mills Limited|0830|TEXTILE SPINNING|44426694||
|ABL|Allied Bank Limited|0807|COMMERCIAL BANKS|1145073830||
|ABOT|Abbott Laboratories (Pakistan) Limited|0823|PHARMACEUTICALS|97900302||
|ABSON|Abson Industries Limited|0822|PAPER, BOARD & PACKAGING|3100000||
|ACIETF|Alfalah Consumer Index (ETF)|0837|EXCHANGE TRADED FUNDS|3950000||
|ACPL|Attock Cement Pakistan Limited|0804|CEMENT|137426961||
|ADAMS|Adam Sugar Mills Limited|0826|SUGAR & ALLIED INDUSTRIES|17291008||
|ADMM|Artistic Denim Mills Limited|0829|TEXTILE COMPOSITE|84000000||
|AGHA|Agha Steel Ind.Ltd|0808|ENGINEERING|604879058||
|AGIC|Askari General Insurance Company Limited|0812|INSURANCE|100662656||
|AGICR2|Askari General Insurance Co.Ltd.(Right)|0812|INSURANCE|28760758||
|AGIL|Agriauto Industries Limited|0802|AUTOMOBILE PARTS & ACCESSORIES|36000000||
|AGL|Agritech Limited|0809|FERTILIZER|599084224||
|AGLNCPS|Agritech Non-Voting (Pref) Class A|0809|FERTILIZER|20608||
|AGP|AGP Limited|0823|PHARMACEUTICALS|280000000||
|AGSML|Abdullah Shah Ghazi Sugar Mills Limited|0826|SUGAR & ALLIED INDUSTRIES|79261700||
|AGTL|Al-Ghazi Tractors Limited|0801|AUTOMOBILE ASSEMBLER|57964201||
|AHCL|Arif Habib Corporation Limited|0809|FERTILIZER|4216967470||
|AHL|Arif Habib Limited|0813|INV. BANKS / INV. COS. / SECURITIES COS.|65340000||
|AHTM|Ahmad Hassan Textile Mills Limited|0829|TEXTILE COMPOSITE|8471535||
|AICL|Adamjee Insurance Company Limited|0812|INSURANCE|350000000||
|AIRLINK|Air Link Communication Limited|0828|TECHNOLOGY & COMMUNICATION|395269231||
|AKBL|Askari Bank Limited|0807|COMMERCIAL BANKS|1449299207||
|AKDHL|AKD Hospitality Limited|0818|MISCELLANEOUS|2507273||
|AKDSL|AKD Securities Limited|0813|INV. BANKS / INV. COS. / SECURITIES COS.|557834171||
|AKGL|Al-Khair Gadoon Limited|0818|MISCELLANEOUS|10000000||
|ALAC|Askari Life Assurance Company Limited|0812|INSURANCE|150172014||
|ALIFE|Adamjee Life Assurance Company Limited|0812|INSURANCE|262500000||
|ALNRS|Al-Noor Sugar Mills Limited|0826|SUGAR & ALLIED INDUSTRIES|20473702||
|ALTN|Altern Energy Limited|0824|POWER GENERATION & DISTRIBUTION|363380000||
|AMBL|Apna Microfinance Bank Limited|0813|INV. BANKS / INV. COS. / SECURITIES COS.|428984962||
|AMSL|Al-Mal Securities & Services Limited|0813|INV. BANKS / INV. COS. / SECURITIES COS.|5000000||
|AMTEX|Amtex Limited|0830|TEXTILE SPINNING|259430134||
|ANL|Azgard Nine Limited|0829|TEXTILE COMPOSITE|485409731||
|ANLNV|Azgard Nine Non-Voting Ordinary Shares|0829|TEXTILE COMPOSITE|5965608||
|ANLPS|Azgard Nine 8.95%(Pref)|0829|TEXTILE COMPOSITE|66125083||
|ANNT|Annoor Textile Mills Limited|0830|TEXTILE SPINNING|1742400||
|ANSM|Ansari Sugar Mills Limited|0826|SUGAR & ALLIED INDUSTRIES|56136657||
|ANTM|AN Textile Mills Limited|0829|TEXTILE COMPOSITE|9660000||
|APL|Attock Petroleum Limited|0821|OIL & GAS MARKETING COMPANIES|124416000||
|APOT|Apollo Textile Mills Limited|0830|TEXTILE SPINNING|8284700||
|ARCTM|Arctic Textile Mills Limited|0830|TEXTILE SPINNING|13174800||
|ARMG|ARM Green Industries Limited|0813|INV. BANKS / INV. COS. / SECURITIES COS.|10744413||
|ARPAK|Arpak International Investments Ltd.|0818|MISCELLANEOUS|4000000||
|ARPL|Archroma Pakistan Limited|0805|CHEMICAL|34563341||
|ARUJ|Aruj Industries Limited|0829|TEXTILE COMPOSITE|10457890||
|ASC|Al Shaheer Corporation Limited|0810|FOOD & PERSONAL CARE PRODUCTS|374923537||
|ASHT|Ashfaq Textile Mills Limited|0831|TEXTILE WEAVING|46565035||
|ASIC|Asia Insurance Company Limited|0812|INSURANCE|73008243||
|ASL|Aisha Steel Mills Limited|0808|ENGINEERING|930784821||
|ASLCPS|Aisha Steel Convt (Pref) Right|0808|ENGINEERING|137920||
|ASLPS|Aisha Steel Convertible (Pref)|0808|ENGINEERING|43588191||
|ASTL|Amreli Steels Limited|0808|ENGINEERING|337011427||
|ASTM|Asim Textile Mills Limited|0830|TEXTILE SPINNING|15177000||
|ATBA|Atlas Battery Limited|0802|AUTOMOBILE PARTS & ACCESSORIES|35017034||
|ATIL|Atlas Insurance Limited|0812|INSURANCE|149415691||
|ATLH|Atlas Honda Limited|0801|AUTOMOBILE ASSEMBLER|124087935||
|ATRL|Attock Refinery Limited|0825|REFINERY|106616250||
|AVN|Avanceon Limited|0828|TECHNOLOGY & COMMUNICATION|429667346||
|AWTX|Allawasaya Tex. & Finishing Mills Ltd|0830|TEXTILE SPINNING|800000||
|AZMT|Azmat Textile Mills Limited|0830|TEXTILE SPINNING|950000||
|BAFL|Bank Alfalah Limited|0807|COMMERCIAL BANKS|3154330238||
|BAFS|Baba Farid Sugar Mills Limited|0826|SUGAR & ALLIED INDUSTRIES|9450000||
|BAHL|Bank AL Habib Limited|0807|COMMERCIAL BANKS|1111425419||
|BAPL|Bawany Air Products Limited|0805|CHEMICAL|7502510||
|BATA|Bata Pakistan Limited|0816|LEATHER & TANNERIES|7560000||
|BBFL|Big Bird Foods Limited|0810|FOOD & PERSONAL CARE PRODUCTS|298905786||
|BCL|Bolan Castings Limited|0808|ENGINEERING|11472529||
|BECO|Beco Steel Limited|0808|ENGINEERING|1249625100||
|BELA|Bela Automotives Limited|0802|AUTOMOBILE PARTS & ACCESSORIES|5800000||
|BERG|Berger Paints Pakistan Limited|0805|CHEMICAL|24551652||
|BFAGRO|Barkat Frisian Agro Limited|0810|FOOD & PERSONAL CARE PRODUCTS|309990384||
|BFBIO|BF Biosciences Limited|0823|PHARMACEUTICALS|88333334||
|BFMOD|B.F. Modaraba|0819|MODARABAS|7515158||
|BGL|Baluchistan Glass Limited|0811|GLASS & CERAMICS|638512057||
|BHAT|Bhanero Textile Mills Limited|0829|TEXTILE COMPOSITE|3040964||
|BIFO|Biafo Industries Limited|0805|CHEMICAL|46382688||
|BIIC|Business & Industrial Insurance Company|0812|INSURANCE|8554376||
|BIPL|BankIslami Pakistan Limited|0807|COMMERCIAL BANKS|1108703299||
|BLUEX|Blue-Ex Limited|0833|TRANSPORT|284284300||
|BML|Bank Makramah Limited|0807|COMMERCIAL BANKS|1000000000||
|BNL|Bunnys Limited|0810|FOOD & PERSONAL CARE PRODUCTS|668052700||
|BNWM|Bannu Woollen Mills Limited|0835|WOOLLEN|9506250||
|BOK|The Bank of Khyber|0807|COMMERCIAL BANKS|1158054673||
|BOP|The Bank of Punjab|0807|COMMERCIAL BANKS|3271569319||
|BPL|Burshane LPG (Pakistan) Limited|0821|OIL & GAS MARKETING COMPANIES|22488900||
|BRRG|B.R.R Guardian Limited|0838|PROPERTY|95008489||
|BTL|Blessed Textiles Limited|0829|TEXTILE COMPOSITE|6432000||
|BUXL|Buxly Paints Limited|0805|CHEMICAL|1440000||
|BWCL|Bestway Cement Limited|0804|CEMENT|596252783||
|BWHL|Baluchistan Wheels Limited|0802|AUTOMOBILE PARTS & ACCESSORIES|13334250||
|CCM|Crescent Cotton Mills Limited|0830|TEXTILE SPINNING|22660123||
|CENI|Century Insurance Company Limited|0812|INSURANCE|55326483||
|CEPB|Century Paper & Board Mills Limited|0822|PAPER, BOARD & PACKAGING|401712926||
|CFL|Crescent Fibres Limited|0830|TEXTILE SPINNING|12417876||
|CHAS|Chashma Sugar Mills Limited|0826|SUGAR & ALLIED INDUSTRIES|28692000||
|CHBL|Chenab Limited|0829|TEXTILE COMPOSITE|115000000||
|CHCC|Cherat Cement Company Limited|0804|CEMENT|194295038||
|CJPL|Crescent Jute Products Limited|0814|JUTE|23763468||
|CLCPS|Chenab Limited (Pref)|0829|TEXTILE COMPOSITE|80000000||
|CLOV|Clover Pakistan Limited|0810|FOOD & PERSONAL CARE PRODUCTS|389288240||
|CLVL|Cordoba Logistics & Ventures Limited|0833|TRANSPORT|72105200||
|CNERGY|Cnergyico PK  Limited|0825|REFINERY|5493447571||
|COLG|Colgate-Palmolive (Pakistan) Limited|0810|FOOD & PERSONAL CARE PRODUCTS|242773288||
|CPHL|Citi Pharma Ltd.|0823|PHARMACEUTICALS|228461200||
|CPPL|Cherat Packaging Limited|0822|PAPER, BOARD & PACKAGING|49095396||
|CRTM|The Crescent Textile Mills Limited|0829|TEXTILE COMPOSITE|100000000||
|CSAP|Crescent Steel & Allied Products Limited|0808|ENGINEERING|77632491||
|CSIL|Crescent Star Insurance Limited|0812|INSURANCE|148619157||
|CTM|Colony Textile Mills Limited|0830|TEXTILE SPINNING|498010000||
|DAAG|Data Agro Limited|0805|CHEMICAL|4000000||
|DADX|Dadex Eternit Limited|0808|ENGINEERING|10764000||
|DBCI|Dadabhoy Cement Industries Limited|0804|CEMENT|98236644||
|DBSL|Dadabhoy Sack Limited|0822|PAPER, BOARD & PACKAGING|4000000||
|DCL|Dewan Cement Limited|0804|CEMENT|484113343||
|DCR|Dolmen City REIT|0836|REAL ESTATE INVESTMENT TRUST|2223700000||
|DCTL|Dadabhoy Construction Technology Limited|0818|MISCELLANEOUS|2322800||
|DEL|Dawood Equities Limited|0813|INV. BANKS / INV. COS. / SECURITIES COS.|27500000||
|DFML|Dewan Farooque Motors Limited|0801|AUTOMOBILE ASSEMBLER|299991686||
|DFSM|Dewan Farooque Spinning Mills Limited|0830|TEXTILE SPINNING|97750726||
|DGKC|D.G. Khan Cement Company Limited|0804|CEMENT|438119097||
|DIIL|Diamond Industries Limited|0818|MISCELLANEOUS|9000000||
|DINT|Din Textile Mills Limited|0830|TEXTILE SPINNING|52466750||
|DKTM|Dewan Khalid Textile Mills Limited|0830|TEXTILE SPINNING|9610759||
|DLL|Dawood Lawrencepur Limited|0813|INV. BANKS / INV. COS. / SECURITIES COS.|800766520||
|DMC|D.M. Corporation Limited.|0830|TEXTILE SPINNING|3052400||
|DMTM|Dewan Mushtaq Textile Mills Limited|0830|TEXTILE SPINNING|11561028||
|DNCC|Dandot Cement Company Limited|0804|CEMENT|316355132||
|DOL|Descon Oxychem Limited|0805|CHEMICAL|175031084||
|DSFL|Dewan Salman Fibre Limited|0827|SYNTHETIC & RAYON|366321085||
|DSIL|D.S. Industries Limited|0830|TEXTILE SPINNING|83685631||
|DSL|Dost Steels Limited|0808|ENGINEERING|444695577||
|DWAE|Dewan Automotive Engineering Limited|0802|AUTOMOBILE PARTS & ACCESSORIES|21400000||
|DWSM|Dewan Sugar Mills Limited|0826|SUGAR & ALLIED INDUSTRIES|91511992||
|DWTM|Dewan Textile Mills Limited|0830|TEXTILE SPINNING|46064609||
|DYNO|Dynea Pakistan Limited|0805|CHEMICAL|18872400||
|ECOP|Ecopack Limited|0818|MISCELLANEOUS|48258419||
|EFERT|Engro Fertilizers Limited|0809|FERTILIZER|1335299375||
|EFUG|EFU General Insurance Limited|0812|INSURANCE|200000000||
|EFUL|EFU Life Assurance Limited|0812|INSURANCE|105000000||
|ELCM|Elahi Cotton Mills Limited|0830|TEXTILE SPINNING|1300000||
|ELSM|Ellcot Spinning Mills Limited|0830|TEXTILE SPINNING|10950000||
|EMCO|Emco Industries Limited|0803|CABLE & ELECTRICAL GOODS|34999667||
|ENGL|English Leasing Limited|0815|LEASING COMPANIES|8000000||
|ENGROH|Engro Holdings Limited|0813|INV. BANKS / INV. COS. / SECURITIES COS.|1204231994||
|EPCL|Engro Polymer & Chemicals Limited|0805|CHEMICAL|908923333||
|EPCLPS|Engro Poly(Pref)|0805|CHEMICAL|300000000||
|EPQL|Engro Powergen Qadirpur Limited|0824|POWER GENERATION & DISTRIBUTION|323800000||
|ESBL|Escorts Investment Bank Limited|0813|INV. BANKS / INV. COS. / SECURITIES COS.|135600000||
|EWIC|East West Insurance Company Limited|0812|INSURANCE|309612375||
|EXIDE|Exide Pakistan Limited|0802|AUTOMOBILE PARTS & ACCESSORIES|7768618||
|FABL|Faysal Bank Limited|0807|COMMERCIAL BANKS|1517696526||
|FAEL|Fatima Enterprises Limited|0830|TEXTILE SPINNING|14231000||
|FANM|First Al-Noor Modaraba|0819|MODARABAS|23100000||
|FASM|Faisal Spinning Mills Limited|0829|TEXTILE COMPOSITE|10000000||
|FATIMA|Fatima Fertilizer Company Limited|0809|FERTILIZER|2100000000||
|FCCL|Fauji Cement Company Limited|0804|CEMENT|2452847220||
|FCEL|First Capital Equities Limited|0813|INV. BANKS / INV. COS. / SECURITIES COS.|141335500||
|FCEPL|Frieslandcampina Engro Pakistan Limited|0810|FOOD & PERSONAL CARE PRODUCTS|766596075||
|FCIBL|First Credit and Investment Bank Limited|0813|INV. BANKS / INV. COS. / SECURITIES COS.|65000000||
|FCL|Fast Cables Limited|0803|CABLE & ELECTRICAL GOODS|644575350||
|FCONM|First Constellation Modaraba|0819|MODARABAS|6462500||
|FCSC|First Capital Securities Corporation|0813|INV. BANKS / INV. COS. / SECURITIES COS.|316610115||
|FDPL|First Dawood Properties Limited|0813|INV. BANKS / INV. COS. / SECURITIES COS.|148390023||
|FECM|First Elite Capital Modaraba|0819|MODARABAS|11340000||
|FECTC|Fecto Cement Limited|0804|CEMENT|50160000||
|FEM|First Equity Modaraba|0819|MODARABAS|52440000||
|FEROZ|Ferozsons Laboratories Limited|0823|PHARMACEUTICALS|43469051||
|FFC|Fauji Fertilizer Company Limited|0809|FERTILIZER|1439023262||
|FFL|Fauji Foods Limited|0810|FOOD & PERSONAL CARE PRODUCTS|2519963139||
|FFLM|First Fidelity Leasing Modaraba|0819|MODARABAS|26413804||
|FHAM|First Habib Modaraba|0819|MODARABAS|110830500||
|FIBLM|First IBL Modaraba|0819|MODARABAS|21687500||
|FIL|Fateh Industries Limited|0816|LEATHER & TANNERIES|2000000||
|FIM|First Investec Modaraba|0819|MODARABAS|3000000||
|FIMM|First Imrooz Modaraba|0819|MODARABAS|3000000||
|FLYNG|Flying Cement Company Limited|0804|CEMENT|694800000||
|FML|Feroze1888 Mills Limited|0829|TEXTILE COMPOSITE|399409026||
|FNBM|First National Bank Modaraba|0819|MODARABAS|25000000||
|FNEL|First National Equities Limited|0813|INV. BANKS / INV. COS. / SECURITIES COS.|2672863310||
|FPJM|First Punjab Modaraba|0819|MODARABAS|34020000||
|FPRM|First Paramount Modaraba|0819|MODARABAS|13788418||
|FRCL|Frontier Ceramics Limited|0811|GLASS & CERAMICS|37873821||
|FRSM|Faran Sugar Mills Limited|0826|SUGAR & ALLIED INDUSTRIES|39510989||
|FSWL|Fateh Sports Wear Limited|0829|TEXTILE COMPOSITE|2000000||
|FTHM|Fateh Textile Mills Limited|0829|TEXTILE COMPOSITE|1250000||
|FTMM|First Treet Manufacturing Modaraba|0819|MODARABAS|195599994||
|FTSM|First Tri-Star Modaraba|0819|MODARABAS|21163104||
|FZCM|Fazal Cloth Mills Limited|0829|TEXTILE COMPOSITE|30000000||
|GADT|Gadoon Textile Mills Limited|0830|TEXTILE SPINNING|28029583||
|GAL|Ghandhara Automobiles Limited|0801|AUTOMOBILE ASSEMBLER|57002500||
|GAMON|Gammon Pakistan Limited|0818|MISCELLANEOUS|28266231||
|GATI|Gatron (Industries) Limited|0827|SYNTHETIC & RAYON|108728960||
|GATM|Gul Ahmed Textile Mills Limited|0829|TEXTILE COMPOSITE|740059458||
|GCIL|Ghani Chemical Industries Limited|0805|CHEMICAL|570451931||
|GCWL|Ghani Chemworld Limited|0805|CHEMICAL|250143950||
|GCWLR|Ghani Chemworld Limited Right|0805|CHEMICAL|1250719||
|GDL|Ghani Dairies Limited|0810|FOOD & PERSONAL CARE PRODUCTS|429200000||
|GEMBCEM|Burj Clean Energy Modaraba(GEM)|0819|MODARABAS|100000000||
|GEMMEL|Mughal Energy Limited(GEM)|0824|POWER GENERATION & DISTRIBUTION|194103187||
|GEMNETS|Nets International Communication Limited|0828|TECHNOLOGY & COMMUNICATION|36757596||
|GEMPACRA|The Pakistan Credit Rating Agency Ltd|0818|MISCELLANEOUS|74529000||
|GEMPAPL|Pak Agro Packaging Limited(GEM)|0822|PAPER, BOARD & PACKAGING|20000000||
|GFIL|Ghazi Fabrics International Limited|0829|TEXTILE COMPOSITE|32635600||
|GGGL|Ghani Global Glass Limited|0811|GLASS & CERAMICS|240000000||
|GGL|Ghani Global Holdings Limited|0805|CHEMICAL|354119590||
|GHGL|Ghani Glass Limited|0811|GLASS & CERAMICS|999714838||
|GHNI|Ghandhara Industries Limited|0801|AUTOMOBILE ASSEMBLER|42608844||
|GIL|Good Luck Industries Ltd.|0810|FOOD & PERSONAL CARE PRODUCTS|300000||
|GLAXO|GlaxoSmithKline Pakistan Limited|0823|PHARMACEUTICALS|318467278||
|GLOT|Globe Textile Mills Limited|0830|TEXTILE SPINNING|16367085||
|GOC|GOC (Pak) Limited.|0818|MISCELLANEOUS|7348950||
|GRR|Globe Residency REIT|0836|REAL ESTATE INVESTMENT TRUST|140000000||
|GRYL|Grays Leasing Limited|0815|LEASING COMPANIES|21500000||
|GSPM|Gulshan Spinning Mills Limited|0830|TEXTILE SPINNING|22225038||
|GTYR|Ghandhara Tyre & Rubber Company Limited|0802|AUTOMOBILE PARTS & ACCESSORIES|121933350||
|GUSM|Gulistan Spinning Mills Limited|0830|TEXTILE SPINNING|14641000||
|GUTM|Gulistan Textile Mills Limited|0830|TEXTILE SPINNING|18983872||
|GVGL|Ghani Value Glass Limited|0811|GLASS & CERAMICS|149942178||
|GWLC|Gharibwal Cement Limited|0804|CEMENT|400273960||
|HABSM|Habib Sugar Mills Limited|0826|SUGAR & ALLIED INDUSTRIES|135000000||
|HADC|Haydari Construction Company Limited|0818|MISCELLANEOUS|6400000||
|HAEL|Hala Enterprises Limited|0829|TEXTILE COMPOSITE|12996304||
|HAFL|Hafiz Limited|0829|TEXTILE COMPOSITE|1200000||
|HAJT|Hajra Textile Mills Limited|0830|TEXTILE SPINNING|13750000||
|HALEON|Haleon Pakistan Limited|0823|PHARMACEUTICALS|117054508||
|HASCOL|Hascol Petroleum Limited|0821|OIL & GAS MARKETING COMPANIES|999120680||
|HATM|Hamid Textile Mills Limited|0829|TEXTILE COMPOSITE|13271600||
|HBL|Habib Bank Limited|0807|COMMERCIAL BANKS|1466852508||
|HBLTETF|HBL Total Treasury (ETF)|0837|EXCHANGE TRADED FUNDS|5000000||
|HCAR|Honda Atlas Cars (Pakistan) Limited|0801|AUTOMOBILE ASSEMBLER|142800000||
|HGFA|HBL Growth Fund|0806|CLOSE - END MUTUAL FUND|283500000||
|HICL|Habib Insurance Company Limited|0812|INSURANCE|123874755||
|HIFA|HBL Investment Fund|0806|CLOSE - END MUTUAL FUND|284125000||
|HINO|Hinopak Motors Limited|0801|AUTOMOBILE ASSEMBLER|24801120||
|HINOON|Highnoon Laboratories Limited|0823|PHARMACEUTICALS|52983368||
|HIRAT|Hira Textile Mills Limited|0830|TEXTILE SPINNING|86577920||
|HKKT|Hakkim Textile Mills Limited|0831|TEXTILE WEAVING|5394800||
|HMB|Habib Metropolitan Bank Limited|0807|COMMERCIAL BANKS|1047831480||
|HMIM|Haji Mohammad Ismail Mills Limited|0830|TEXTILE SPINNING|11975040||
|HPL|Hoechst Pakistan Limited|0823|PHARMACEUTICALS|9644760||
|HRPL|Habib Rice Product Limited.|0826|SUGAR & ALLIED INDUSTRIES|40000000||
|HSPI|Huffaz Seamless Pipe Industries Limited|0808|ENGINEERING|55484300||
|HTL|Hi-Tech Lubricants Limited|0821|OIL & GAS MARKETING COMPANIES|139204800||
|HUBC|The Hub Power Company Limited|0824|POWER GENERATION & DISTRIBUTION|1297154400||
|HUMNL|Hum Network Limited|0828|TECHNOLOGY & COMMUNICATION|1134000000||
|HUSI|Husein Industries Limited|0838|PROPERTY|10625852||
|HWQS|Haseeb Waqas Sugar Mills Limited|0826|SUGAR & ALLIED INDUSTRIES|32400000||
|IBFL|Ibrahim Fibres Limited|0827|SYNTHETIC & RAYON|310506995||
|IBLHL|IBL HealthCare Limited|0823|PHARMACEUTICALS|98525982||
|ICCI|ICC Industries Limited|0831|TEXTILE WEAVING|30001120||
|ICIBL|Invest Capital Investment Bank Limited|0813|INV. BANKS / INV. COS. / SECURITIES COS.|284866896||
|ICL|Ittehad Chemicals Limted|0805|CHEMICAL|99999999||
|IDRT|Idrees Textile Mills Limited|0830|TEXTILE SPINNING|19852800||
|IDSM|Ideal Spinning Mills Limited|0830|TEXTILE SPINNING|9920000||
|IDYM|Indus Dyeing & Manufacturing Co. Limited|0830|TEXTILE SPINNING|54221193||
|IGIHL|IGI Holdings Limited|0812|INSURANCE|142630550||
|IGIL|IGI Life Insurance Limited|0812|INSURANCE|170567200||
|ILP|Interloop Limited|0829|TEXTILE COMPOSITE|1401709468||
|IMAGE|Image Pakistan Limited|0839|APPAREL|230369650||
|IML|Imperial  Limited|0813|INV. BANKS / INV. COS. / SECURITIES COS.|99020000||
|IMS|Intermarket Securities Limited|0813|INV. BANKS / INV. COS. / SECURITIES COS.|1287510240||
|INDU|Indus Motor Company Limited|0801|AUTOMOBILE ASSEMBLER|78600000||
|INIL|International Industries Limited|0808|ENGINEERING|131881860||
|INKL|International Knitwear Limited|0839|APPAREL|9675000||
|INMF|Investec Mutual Fund Limited|0806|CLOSE - END MUTUAL FUND|10000000||
|IPAK|International Packaging Films Limited|0822|PAPER, BOARD & PACKAGING|735210000||
|IREIT|Image Reit|0836|REAL ESTATE INVESTMENT TRUST|275858500||
|ISIL|Ismail Industries Limited|0810|FOOD & PERSONAL CARE PRODUCTS|66356940||
|ISL|International Steels Limited|0808|ENGINEERING|435000000||
|ITANZ|Itanz Technologies Limited|0828|TECHNOLOGY & COMMUNICATION|107821500||
|ITTEFAQ|Ittefaq Iron Industries Limited|0808|ENGINEERING|144343364||
|JATM|J.A. Textile Mills Limited|0830|TEXTILE SPINNING|12601200||
|JDMT|Janana De Malucho Textile Mills Limited|0830|TEXTILE SPINNING|6915822||
|JDWS|JDW Sugar Mills Limited|0826|SUGAR & ALLIED INDUSTRIES|57776661||
|JGICL|Jubilee General Insurance Company Ltd.|0812|INSURANCE|198491379||
|JKSM|J.K. Spinning Mills Limited|0830|TEXTILE SPINNING|102317502||
|JLICL|Jubilee Life Insurance Company Limited|0812|INSURANCE|100353310||
|JSBL|JS Bank Limited|0807|COMMERCIAL BANKS|2050662536||
|JSCL|Jahangir Siddiqui & Co. Ltd.|0813|INV. BANKS / INV. COS. / SECURITIES COS.|915942388||
|JSGBETF|JS Global Banking Sector(ETF)|0837|EXCHANGE TRADED FUNDS|7540000||
|JSGCL|JS Global Capital Limited|0813|INV. BANKS / INV. COS. / SECURITIES COS.|27477297||
|JSIL|JS Investments Limited|0813|INV. BANKS / INV. COS. / SECURITIES COS.|61774256||
|JSMFETF|JS Momentum Factor Exchange Traded Fund|0837|EXCHANGE TRADED FUNDS|11770000||
|JSML|Jauharabad Sugar Mills Limited|0826|SUGAR & ALLIED INDUSTRIES|34128454||
|JSRR|JS Rental REIT|0836|REAL ESTATE INVESTMENT TRUST|214551207||
|JUBS|Jubilee Spinning & Weaving Mills Ltd.|0829|TEXTILE COMPOSITE|32491205||
|JVDC|Javedan Corporation Limited|0838|PROPERTY|380860447||
|JVDCPS|Javedan Corporation (Pref)|0838|PROPERTY|50500||
|KAKL|Kaiser Arts & Krafts Limited|0829|TEXTILE COMPOSITE|8550000||
|KAPCO|Kot Addu Power Company Limited|0824|POWER GENERATION & DISTRIBUTION|880253228||
|KCL|Karam Ceramics Limited|0811|GLASS & CERAMICS|14549060||
|KEL|K-Electric Limited|0824|POWER GENERATION & DISTRIBUTION|27615194245||
|KHTC|Khyber Tobacco Company Limited|0832|TOBACCO|6922368||
|KHYT|Khyber Textile Mills Limited|0829|TEXTILE COMPOSITE|1227500||
|KML|Kohinoor Mills Limited|0829|TEXTILE COMPOSITE|509110110||
|KOHC|Kohat Cement Company Limited|0804|CEMENT|919306485||
|KOHE|Kohinoor Energy Limited|0824|POWER GENERATION & DISTRIBUTION|169458614||
|KOHP|Kohinoor Power Company Limited|0824|POWER GENERATION & DISTRIBUTION|12600000||
|KOHTM|Kohat Textile Mills Limited|0830|TEXTILE SPINNING|20800000||
|KOIL|Kohinoor Industries Limited|0829|TEXTILE COMPOSITE|30302580||
|KOSM|Kohinoor Spinning Mills Limited|0830|TEXTILE SPINNING|552857142||
|KPUS|Khairpur Sugar Mills Limited|0826|SUGAR & ALLIED INDUSTRIES|16017500||
|KSBP|KSB Pumps Company Limited|0808|ENGINEERING|30900000||
|KSTM|Khalid Siraj Textile Mills Limited|0830|TEXTILE SPINNING|10700000||
|KTML|Kohinoor Textile Mills Limited|0829|TEXTILE COMPOSITE|1346497280||
|LCI|Lucky Core Industries Limited|0805|CHEMICAL|461795250||
|LEUL|Leather Up Limited|0816|LEATHER & TANNERIES|6000000||
|LIVEN|Liven Pharma Limited|0823|PHARMACEUTICALS|113040367||
|LOADS|Loads Limited|0802|AUTOMOBILE PARTS & ACCESSORIES|371250000||
|LOTCHEM|Lotte Chemical Pakistan Limited|0805|CHEMICAL|1514207200||
|LPGL|Leiner Pak Gelatine Limited|0805|CHEMICAL|7500000||
|LPL|Lalpir Power Limited|0824|POWER GENERATION & DISTRIBUTION|279838732||
|LSECL|LSE Capital Limited.|0813|INV. BANKS / INV. COS. / SECURITIES COS.|387000000||
|LSEFSL|LSE Financial Services Limited.|0813|INV. BANKS / INV. COS. / SECURITIES COS.|27000000||
|LSEVL|LSE Ventures Limited|0813|INV. BANKS / INV. COS. / SECURITIES COS.|399195760||
|LUCK|Lucky Cement Limited|0804|CEMENT|1465000000||
|MACFL|MACPAC Films Limited|0822|PAPER, BOARD & PACKAGING|59301150||
|MACTER|Macter International Limited|0823|PHARMACEUTICALS|45811018||
|MARI|Mari Energies Limited|0820|OIL & GAS EXPLORATION COMPANIES|1200622500||
|MCB|MCB Bank Limited|0807|COMMERCIAL BANKS|1185060006||
|MCBIM|MCB Investment Management Limited.|0813|INV. BANKS / INV. COS. / SECURITIES COS.|72000000||
|MDTL|Media Times Limited|0828|TECHNOLOGY & COMMUNICATION|178851010||
|MEBL|Meezan Bank Limited|0807|COMMERCIAL BANKS|1800554652||
|MEHT|Mehmood Textile Mills Limited|0829|TEXTILE COMPOSITE|30000000||
|MERIT|Merit Packaging Limited|0822|PAPER, BOARD & PACKAGING|199958427||
|MFFL|Mitchells Fruit Farms Limited|0810|FOOD & PERSONAL CARE PRODUCTS|22875000||
|MFL|Matco Foods Limited|0810|FOOD & PERSONAL CARE PRODUCTS|122400698||
|MFTM|Mohammad Farooq Textile Mills Limited|0829|TEXTILE COMPOSITE|18889200||
|MIIETF|Mahaana Islamic Index ETF|0837|EXCHANGE TRADED FUNDS|14140000||
|MIRKS|Mirpurkhas Sugar Mills Limited|0826|SUGAR & ALLIED INDUSTRIES|66557888||
|MLCF|Maple Leaf Cement Factory Limited|0804|CEMENT|1047562608||
|MOHE|Mohib Exports Limited|0831|TEXTILE WEAVING|15180000||
|MQTM|Maqbool Textile Mills Limited|0830|TEXTILE SPINNING|18432000||
|MRNS|Mehran Sugar Mills Limited|0826|SUGAR & ALLIED INDUSTRIES|74927989||
|MSCL|Metropolitan Steel Corporation Limited|0808|ENGINEERING|30977500||
|MSOT|Masood Textile Mills Limited|0829|TEXTILE COMPOSITE|67500000||
|MSOTPS|Masood Textile (Pref)|0829|TEXTILE COMPOSITE|27500000||
|MTL|Millat Tractors Limited|0801|AUTOMOBILE ASSEMBLER|399031894||
|MUBT|Mubarak Textile Mills Limited|0829|TEXTILE COMPOSITE|5400000||
|MUGHAL|Mughal Iron & Steel Industries Limited|0808|ENGINEERING|335633933||
|MUGHALC|Mughal Iron & Steel Industries Ltd(C)|0808|ENGINEERING|33062447||
|MUREB|Murree Brewery Company Limited|0810|FOOD & PERSONAL CARE PRODUCTS|27663631||
|MWMP|Mandviwala Mauser Plastic Industries|0818|MISCELLANEOUS|28748133||
|MZNPETF|Meezan Pakistan ETF|0837|EXCHANGE TRADED FUNDS|11770000||
|NAFL|National Fibres Limited|0827|SYNTHETIC & RAYON|84777800||
|NAGC|Nagina Cotton Mills Limited|0830|TEXTILE SPINNING|18700000||
|NATF|National Foods Limited|0810|FOOD & PERSONAL CARE PRODUCTS|233115250||
|NATM|Nadeem Textile Mills Limited|0830|TEXTILE SPINNING|21266735||
|NBP|National Bank of Pakistan|0807|COMMERCIAL BANKS|2127512862||
|NBPGETF|NBP Pakistan  Growth ETF|0837|EXCHANGE TRADED FUNDS|5670000||
|NCL|Nishat Chunian Limited|0829|TEXTILE COMPOSITE|240119029||
|NCML|Nazir Cotton Mills Limited|0830|TEXTILE SPINNING|23000000||
|NCPL|Nishat Chunian Power Limited|0824|POWER GENERATION & DISTRIBUTION|367346939||
|NESTLE|Nestle Pakistan Limited|0810|FOOD & PERSONAL CARE PRODUCTS|45349584||
|NETSOL|NetSol Technologies Limited|0828|TECHNOLOGY & COMMUNICATION|89836923||
|NEXT|Next Capital Limited|0813|INV. BANKS / INV. COS. / SECURITIES COS.|56925000||
|NICL|Nimir Industrial Chemicals Limited|0805|CHEMICAL|110590546||
|NINA|Nina Industries Limited|0829|TEXTILE COMPOSITE|24200000||
|NITGETF|NIT Pakistan Gateway ETF|0837|EXCHANGE TRADED FUNDS|3950000||
|NMFL|Nirala MSR Foods Limited|0810|FOOD & PERSONAL CARE PRODUCTS|16589500||
|NML|Nishat Mills Limited|0829|TEXTILE COMPOSITE|351599848||
|NONS|Noon Sugar Mills Limited|0826|SUGAR & ALLIED INDUSTRIES|16517456||
|NPL|Nishat Power Limited|0824|POWER GENERATION & DISTRIBUTION|354088500||
|NRL|National Refinery Limited|0825|REFINERY|79966560||
|NRSL|Nimir Resins Limited|0805|CHEMICAL|141321100||
|NSRM|The National Silk & Rayon Mills Limited|0827|SYNTHETIC & RAYON|15553133||
|OBOY|Oilboy Energy Limited|0821|OIL & GAS MARKETING COMPANIES|50000000||
|OCTOPUS|Octopus Digital Limited|0828|TECHNOLOGY & COMMUNICATION|157262502||
|OGDC|Oil & Gas Development Company Limited|0820|OIL & GAS EXPLORATION COMPANIES|4300928400||
|OLPL|OLP Financial Services Pakistan Limited|0813|INV. BANKS / INV. COS. / SECURITIES COS.|175407648||
|OLPM|OLP Modaraba|0819|MODARABAS|45383530||
|OML|Olympia Mills Limited|0818|MISCELLANEOUS|12000000||
|ORM|Orient Rental Mod|0819|MODARABAS|75000000||
|OTSU|Otsuka Pakistan Limited|0823|PHARMACEUTICALS|12100000||
|PABC|Pakistan Aluminium Beverage Cans Limited|0818|MISCELLANEOUS|361108254||
|PACE|Pace (Pakistan) Limited|0838|PROPERTY|309862893||
|PAEL|Pak Elektron Limited|0803|CABLE & ELECTRICAL GOODS|923649501||
|PAKD|Pak Datacom Limited|0828|TECHNOLOGY & COMMUNICATION|11859210||
|PAKL|Pak Leather Crafts Limited|0816|LEATHER & TANNERIES|3400000||
|PAKOXY|Pakistan Oxygen Limited|0805|CHEMICAL|87124228||
|PAKQATAR|Pak Qatar Family Takaful Limited|0812|INSURANCE|230712440||
|PAKRI|Pakistan Reinsurance Company Limited|0812|INSURANCE|900000000||
|PAKT|Pakistan Tobacco Company Limited|0832|TOBACCO|255493792||
|PASL|Pervez Ahmed Consultancy Services Ltd.|0813|INV. BANKS / INV. COS. / SECURITIES COS.|186568487||
|PASM|Paramount Spinning Mills Limited|0829|TEXTILE COMPOSITE|17352330||
|PCAL|Pakistan Cables Limited|0803|CABLE & ELECTRICAL GOODS|54457418||
|PECO|Pakistan Engineering Company Limited|0808|ENGINEERING|5690200||
|PGLC|Pak-Gulf Leasing Company Limited|0815|LEASING COMPANIES|49471110||
|PHDL|Pakistan Hotels Developers Limited|0818|MISCELLANEOUS|18000000||
|PIAHCLA|PIA Holding Company Limited|0813|INV. BANKS / INV. COS. / SECURITIES COS.|5233762118||
|PIAHCLB|PIA Holding Company LimitedB|0813|INV. BANKS / INV. COS. / SECURITIES COS.|1500000||
|PIBTL|Pakistan International Bulk Terminal|0833|TRANSPORT|1786092772||
|PICL|Pakistan Industrial & Commercial Leasing|0815|LEASING COMPANIES|39398933||
|PICT|Pakistan International Container|0833|TRANSPORT|109153152||
|PIL|PICIC Insurance Limited|0812|INSURANCE|35000000||
|PIM|Popular Islamic Modaraba|0819|MODARABAS|20000000||
|PINL|Premier Insurance Limited|0812|INSURANCE|50565105||
|PIOC|Pioneer Cement Limited|0804|CEMENT|227148793||
|PKGI|The Pakistan General Insurance Co. Ltd.|0812|INSURANCE|50000000||
|PKGP|Pakgen Power Limited|0824|POWER GENERATION & DISTRIBUTION|372081591||
|PKGS|Packages Limited|0822|PAPER, BOARD & PACKAGING|89379504||
|PMRS|The Premier Sugar Mills|0826|SUGAR & ALLIED INDUSTRIES|3750000||
|PNSC|Pakistan National Shipping Corporation|0833|TRANSPORT|198095040||
|POL|Pakistan Oilfields Limited|0820|OIL & GAS EXPLORATION COMPANIES|283855104||
|POML|Punjab Oil Mills Limited|0834|VANASPATI & ALLIED INDUSTRIES|7762500||
|POWER|Power Cement Limited|0804|CEMENT|1290523671||
|POWERPS|Power Cement (Pref)|0804|CEMENT|147404586||
|PPL|Pakistan Petroleum Limited|0820|OIL & GAS EXPLORATION COMPANIES|2720967548||
|PPP|Pakistan Paper Products Limited|0822|PAPER, BOARD & PACKAGING|8000000||
|PPVC|Pakistan PVC Limited|0805|CHEMICAL|14958000||
|PQGTL|Pak Qatar General Takaful Limited|0812|INSURANCE|101107121||
|PREMA|At-Tahur Limited|0810|FOOD & PERSONAL CARE PRODUCTS|218639430||
|PRET|Premium Textile Mills Limited|0830|TEXTILE SPINNING|6163000||
|PRIB|Prudential Investment Bank Limited|0813|INV. BANKS / INV. COS. / SECURITIES COS.|10000000||
|PRIC|Progressive Insurance Company Limited|0812|INSURANCE|8500000||
|PRL|Pakistan Refinery Limited|0825|REFINERY|630000000||
|PRWM|Prosperity Weaving Mills Limited|0831|TEXTILE WEAVING|18480000||
|PSEL|Pakistan Services Limited|0818|MISCELLANEOUS|32524250||
|PSO|Pakistan State Oil Company Limited|0821|OIL & GAS MARKETING COMPANIES|469473300||
|PSX|Pakistan Stock Exchange Limited|0813|INV. BANKS / INV. COS. / SECURITIES COS.|801476600||
|PSYL|Pakistan Synthetics Limited|0827|SYNTHETIC & RAYON|138699000||
|PTC|Pakistan Telecommunication Company Ltd|0828|TECHNOLOGY & COMMUNICATION|3774000000||
|PTL|Panther Tyres Ltd.|0802|AUTOMOBILE PARTS & ACCESSORIES|168000000||
|QTECH|Quantum Data Technologies Limited|0828|TECHNOLOGY & COMMUNICATION|121576200||
|QUET|Quetta Textile Mills Limited|0829|TEXTILE COMPOSITE|13000000||
|QUICE|Quice Food Industries Limited|0810|FOOD & PERSONAL CARE PRODUCTS|98461828||
|REDCO|Redco Textiles Limited|0829|TEXTILE COMPOSITE|49292600||
|REGAL|Regal Ceramics Limited|0811|GLASS & CERAMICS|7300000||
|REWM|Reliance Weaving Mills Limited|0829|TEXTILE COMPOSITE|30810938||
|RICL|Reliance Insurance Company Limited|0812|INSURANCE|130613991||
|RMPL|Rafhan Maize Products Company Limited|0810|FOOD & PERSONAL CARE PRODUCTS|9236400||
|RPL|Roshan Packages Limited|0822|PAPER, BOARD & PACKAGING|141900000||
|RUBY|Ruby Textile Mills Limited|0830|TEXTILE SPINNING|52214400||
|RUPL|Rupali Polyester Limited|0827|SYNTHETIC & RAYON|34068500||
|SAIF|Saif Textile Mills Limited|0830|TEXTILE SPINNING|26412900||
|SANE|Salman Noman Enterprises Limited|0830|TEXTILE SPINNING|4467036||
|SANSM|Sanghar Sugar Mills Limited|0826|SUGAR & ALLIED INDUSTRIES|11946000||
|SAPT|Sapphire Textile Mills Limited|0829|TEXTILE COMPOSITE|21689791||
|SARC|Sardar Chemical Industries Limited|0805|CHEMICAL|6000000||
|SASML|Sindh Abadgars Sugar Mills Limited|0826|SUGAR & ALLIED INDUSTRIES|10425000||
|SAZEW|Sazgar Engineering Works Limited|0801|AUTOMOBILE ASSEMBLER|60445961||
|SBL|Samba Bank Limited|0807|COMMERCIAL BANKS|1008238648||
|SCBPL|Standard Chartered Bank (Pak) Ltd|0807|COMMERCIAL BANKS|3871585021||
|SCHT|Schon Textiles Limited|0829|TEXTILE COMPOSITE|11970000||
|SCL|Shield Corporation Limited|0810|FOOD & PERSONAL CARE PRODUCTS|3900000||
|SDOT|Sadoon Textile Industries Limited|0831|TEXTILE WEAVING|3000000||
|SEARL|The Searle Company Limited|0823|PHARMACEUTICALS|588218590||
|SEL|Sitara Energy Limited|0824|POWER GENERATION & DISTRIBUTION|19092000||
|SEPL|Security Papers Limited|0822|PAPER, BOARD & PACKAGING|59255985||
|SERT|Service Industries Textiles Limited|0830|TEXTILE SPINNING|13787567||
|SFAT|Safa Textiles Limited|0829|TEXTILE COMPOSITE|4000000||
|SFL|Sapphire Fibres Limited|0829|TEXTILE COMPOSITE|24871228||
|SGABL|SG.Allied Businesses Limited|0827|SYNTHETIC & RAYON|15000000||
|SGF|Service GlobalFootwear Limited|0816|LEATHER & TANNERIES|206467605||
|SGPL|S.G. Power Limited|0824|POWER GENERATION & DISTRIBUTION|17833200||
|SHCI|Shaffi Chemical Industries Limited|0805|CHEMICAL|12000000||
|SHCM|Shadman Cotton Mills Limited|0830|TEXTILE SPINNING|17636800||
|SHDT|Shadab Textile Mills Limited|0830|TEXTILE SPINNING|22850000||
|SHEZ|Shezan International Limited|0810|FOOD & PERSONAL CARE PRODUCTS|9663060||
|SHFA|Shifa International Hospitals Limited|0818|MISCELLANEOUS|63214383||
|SHJS|Shahtaj Sugar Mills Limited|0826|SUGAR & ALLIED INDUSTRIES|12011200||
|SHNI|Shaheen Insurance Company Limited|0812|INSURANCE|104812500||
|SHSML|Shahmurad Sugar Mills Limited|0826|SUGAR & ALLIED INDUSTRIES|21118663||
|SIBL|Security Investment Bank Limited|0813|INV. BANKS / INV. COS. / SECURITIES COS.|59148593||
|SIEM|Siemens (Pakistan) Engineering|0803|CABLE & ELECTRICAL GOODS|8247037||
|SINDM|Sindh Modaraba|0819|MODARABAS|45000000||
|SITC|Sitara Chemical Industries Limited|0805|CHEMICAL|21429407||
|SKRS|Sakrand Sugar Mills Limited|0826|SUGAR & ALLIED INDUSTRIES|44616000||
|SLCL|Security Leasing Corporation Limited|0815|LEASING COMPANIES|36300000||
|SLCPA|Security Leasing Corp.9.10%(Pref)|0815|LEASING COMPANIES|11250000||
|SLGL|Secure Logistics-Trax Group Limited|0833|TRANSPORT|421794036||
|SLL|SME Leasing Limited|0815|LEASING COMPANIES|32000000||
|SLM|Service Long March Tyres Limited|0802|AUTOMOBILE PARTS & ACCESSORIES|7794760763||
|SLYT|Sally Textile Mills Limited|0830|TEXTILE SPINNING|8775000||
|SMCPL|Safe Mix Concrete Limited|0804|CEMENT|25000000||
|SML|Shakarganj Limited|0826|SUGAR & ALLIED INDUSTRIES|125000000||
|SNAI|Sana Industries Limited|0830|TEXTILE SPINNING|19965000||
|SNBL|Soneri Bank Limited|0807|COMMERCIAL BANKS|1102463503||
|SNGP|Sui Northern Gas Pipelines Limited|0821|OIL & GAS MARKETING COMPANIES|634216665||
|SPAC1|LSE SPAC-I Limited|0813|INV. BANKS / INV. COS. / SECURITIES COS.|26000000||
|SPCL|Saudi Pak Consultancy Company Limited|0815|LEASING COMPANIES|45160500||
|SPEL|SPEL Limited|0822|PAPER, BOARD & PACKAGING|199736016||
|SPL|Sitara Peroxide Limited|0805|CHEMICAL|55100000||
|SPSL|Sitara Petroleum Service Limited|0821|OIL & GAS MARKETING COMPANIES|1679914000||
|SPWL|Saif Power Limited|0824|POWER GENERATION & DISTRIBUTION|386471779||
|SRR|Signature Residency Reit|0836|REAL ESTATE INVESTMENT TRUST|33000000||
|SRVI|Service Industries Limited|0816|LEATHER & TANNERIES|46987500||
|SSGC|Sui Southern Gas Company Limited|0821|OIL & GAS MARKETING COMPANIES|880916309||
|SSIC|Silver Star Insurance Company Limited|0812|INSURANCE|30564844||
|SSML|Saritow Spinning Mills Limited|0830|TEXTILE SPINNING|29840607||
|SSOM|S.S.Oil Mills Limited|0834|VANASPATI & ALLIED INDUSTRIES|5658400||
|STCL|Shabbir Tiles & Ceramics Limited|0811|GLASS & CERAMICS|239320475||
|STJT|Shahtaj Textile Limited|0831|TEXTILE WEAVING|9660000||
|STL|Supernet Technologies Limited|0828|TECHNOLOGY & COMMUNICATION|107619475||
|STML|Shams Textile Mills Limited|0829|TEXTILE COMPOSITE|8640000||
|STPL|Siddiqsons Tin Plate Limited|0818|MISCELLANEOUS|229278733||
|STYLERS|Stylers International Limited|0839|APPAREL|488827773||
|SUHJ|Suhail Jute Mills Limited|0814|JUTE|4332819||
|SURAJ|Suraj Ghee Industries Limited|0834|VANASPATI & ALLIED INDUSTRIES|958100||
|SURC|Suraj Cotton Mills Limited|0829|TEXTILE COMPOSITE|48809516||
|SUTM|Sunrays Textile Mills Limited|0830|TEXTILE SPINNING|20700000||
|SWL|Standard Worldwide Limited|0812|INSURANCE|750000||
|SYM|Symmetry Group Limited|0828|TECHNOLOGY & COMMUNICATION|285245524||
|SYS|Systems Limited|0828|TECHNOLOGY & COMMUNICATION|1473404435||
|SZTM|Shahzad Textile Mills Limited|0830|TEXTILE SPINNING|17971372||
|TAJT|Taj Textile Mills Limited|0829|TEXTILE COMPOSITE|33442000||
|TATM|Tata Textile Mills Limited|0830|TEXTILE SPINNING|55993614||
|TBL|Treet Battery Limited.|0802|AUTOMOBILE PARTS & ACCESSORIES|1082593173||
|TCORP|Tariq Corporation Limited|0826|SUGAR & ALLIED INDUSTRIES|66206250||
|TCORPCPS|Tariq Corporation Limited(Pref)|0826|SUGAR & ALLIED INDUSTRIES|14445000||
|TCORPR2|Tariq Corporation Limited(Right)|0826|SUGAR & ALLIED INDUSTRIES|15793750||
|TELE|Telecard Limited|0828|TECHNOLOGY & COMMUNICATION|338625000||
|TGL|Tariq Glass Industries Limited|0811|GLASS & CERAMICS|172167188||
|THALL|Thal Limited|0802|AUTOMOBILE PARTS & ACCESSORIES|81029917||
|THCCL|Thatta Cement Company Limited|0804|CEMENT|498590625||
|TICL|The Thal Industries Corporation Limited|0826|SUGAR & ALLIED INDUSTRIES|15023200||
|TOMCL|The Organic Meat Company Limited|0810|FOOD & PERSONAL CARE PRODUCTS|196340334||
|TOWL|Towellers Limited|0829|TEXTILE COMPOSITE|17000000||
|TPL|TPL Corp Limited|0828|TECHNOLOGY & COMMUNICATION|267297763||
|TPLI|TPL Insurance Limited|0812|INSURANCE|198644462||
|TPLL|TPL Life Insurance Limited|0812|INSURANCE|224500000||
|TPLP|TPL Properties Limited|0838|PROPERTY|561086876||
|TPLRF1|TPL REIT Fund I|0836|REAL ESTATE INVESTMENT TRUST|1835000000||
|TPLT|TPL Trakker Limited|0828|TECHNOLOGY & COMMUNICATION|187263093||
|TREET|Treet Corporation Limited|0810|FOOD & PERSONAL CARE PRODUCTS|371028814||
|TRG|TRG Pakistan Limited|0828|TECHNOLOGY & COMMUNICATION|545390665||
|TRIBL|Trust Investment Bank Limited|0813|INV. BANKS / INV. COS. / SECURITIES COS.|119885111||
|TRIPF|Tri-Pack Films Limited|0818|MISCELLANEOUS|38800000||
|TRSM|Trust Modaraba|0819|MODARABAS|29800000||
|TSBL|Trust Securities & Brokerage Limited|0813|INV. BANKS / INV. COS. / SECURITIES COS.|750000000||
|TSMF|Tri-Star Mutual Fund Limited|0806|CLOSE - END MUTUAL FUND|5000000||
|TSML|Tandlianwala Sugar Mills Limited|0826|SUGAR & ALLIED INDUSTRIES|117706300||
|TSPL|Tri-Star Power Limited|0824|POWER GENERATION & DISTRIBUTION|15000000||
|UBDL|United Brands Limited|0818|MISCELLANEOUS|91800000||
|UBL|United Bank Limited|0807|COMMERCIAL BANKS|2504247750||
|UBLPETF|UBLPakistan Enterprise ETF|0837|EXCHANGE TRADED FUNDS|2930000||
|UCAPM|Unicap Modaraba|0819|MODARABAS|23640000||
|UDLI|UDL International Limited|0818|MISCELLANEOUS|35120548||
|UDPL|United Distributors Pakistan Limited|0818|MISCELLANEOUS|35271134||
|UNIC|The United Insurance Company|0812|INSURANCE|499320000||
|UNITY|Unity Foods Limited|0810|FOOD & PERSONAL CARE PRODUCTS|1194050000||
|UPFL|Unilever Pakistan Foods Limited|0810|FOOD & PERSONAL CARE PRODUCTS|6369932||
|USMT|Usman Textile Mills Limited|0829|TEXTILE COMPOSITE|3726300||
|UVIC|The Universal Insurance Company Limited|0812|INSURANCE|50000000||
|WAFI|Wafi Energy Pakistan Limited|0821|OIL & GAS MARKETING COMPANIES|214024662||
|WAHDAT|Wahdat Poultry Farm Limited|0810|FOOD & PERSONAL CARE PRODUCTS|335221255||
|WAHN|Wah Noble Chemicals Limited|0805|CHEMICAL|9000000||
|WASL|Wasl Mobility Modaraba|0819|MODARABAS|160717400||
|WAVES|Waves Corporation Limited|0803|CABLE & ELECTRICAL GOODS|281406088||
|WAVESAPP|Waves Home Appliances Limited|0803|CABLE & ELECTRICAL GOODS|267885307||
|WTL|Worldcall Telecom Limited|0828|TECHNOLOGY & COMMUNICATION|4982289186||
|YOUW|Yousaf Weaving Mills Limited|0831|TEXTILE WEAVING|172352500||
|ZAHID|Zahidjee Textile Mills Limited|0829|TEXTILE COMPOSITE|191421102||
|ZAL|Zarea Limited|0828|TECHNOLOGY & COMMUNICATION|262500000||
|ZELP|Zeal Pak Cement Factory Limited|0804|CEMENT|427838526||
|ZIL|ZIL Limited|0810|FOOD & PERSONAL CARE PRODUCTS|6122600||
|ZTL|Zephyr Textiles Limited|0831|TEXTILE WEAVING|59428729||
|ZUMA|Zuma Resources Limited|0828|TECHNOLOGY & COMMUNICATION|14100000||
